
> twistedpear@0.0.0 test:doc-audit
> vitest run conformance/doc-audit


 RUN  v4.1.10 /Users/curt/me/twistedpear


 Test Files  21 passed (21)
      Tests  228 passed (228)
   Start at  13:01:18
   Duration  5.39s (transform 852ms, setup 0ms, import 2.27s, tests 18.23s, environment 2ms)


> twistedpear@0.0.0 test:formal
> node scripts/formal/run.mjs

grant TLA+ relation conforms across 7 legal edges
escrow TLA+ relation conforms across 6 legal edges
recovery TLA+ relation conforms across 5 legal edges
device-session TLA+ relation conforms across 10 legal edges
stream TLA+ relation conforms across 12 legal edges
egress-offer TLA+ relation conforms across 6 legal edges
symbolic model inventory is complete (4 models)
TLC2 Version 2.19 of 08 August 2024 (rev: 5a47802)
Running breadth-first search Model-Checking with fp 70 and seed -7245176633394579018 with 1 worker on 8 cores with 3641MB heap and 64MB offheap memory [pid: 41462] (Mac OS X 26.5.2 aarch64, Microsoft 25.0.4 x86_64, MSBDiskFPSet, DiskStateQueue).
Parsing file /Users/curt/me/twistedpear/specs/spec-cap/model/grant.tla
Parsing file /private/var/folders/s9/h0bpzr1s1d3727q7z69mqrbr0000gn/T/Naturals.tla
Parsing file /private/var/folders/s9/h0bpzr1s1d3727q7z69mqrbr0000gn/T/Sequences.tla
Parsing file /private/var/folders/s9/h0bpzr1s1d3727q7z69mqrbr0000gn/T/TLC.tla
Parsing file /private/var/folders/s9/h0bpzr1s1d3727q7z69mqrbr0000gn/T/FiniteSets.tla
Semantic processing of module Naturals
Semantic processing of module Sequences
Semantic processing of module FiniteSets
Semantic processing of module TLC
Semantic processing of module grant
Starting... (2026-08-18 13:01:24)
Implied-temporal checking--satisfiability problem has 1 branches.
Computing initial states...
Finished computing initial states: 1 distinct state generated at 2026-08-18 13:01:24.
Progress(3) at 2026-08-18 13:01:24: 8 states generated, 6 distinct states found, 0 states left on queue.
Checking temporal properties for the complete state space with 6 total distinct states at (2026-08-18 13:01:24)
Finished checking temporal properties in 00s at 2026-08-18 13:01:24
Model checking completed. No error has been found.
  Estimates of the probability that TLC did not check all reachable states
  because two distinct states had the same fingerprint:
  calculated (optimistic):  val = 6.5E-19
8 states generated, 6 distinct states found, 0 states left on queue.
The depth of the complete state graph search is 3.
The average outdegree of the complete state graph is 1 (minimum is 0, the maximum 3 and the 95th percentile is 3).
Finished in 00s at (2026-08-18 13:01:24)
TLC2 Version 2.19 of 08 August 2024 (rev: 5a47802)
Running breadth-first search Model-Checking with fp 107 and seed 8969024129210242876 with 1 worker on 8 cores with 3641MB heap and 64MB offheap memory [pid: 41495] (Mac OS X 26.5.2 aarch64, Microsoft 25.0.4 x86_64, MSBDiskFPSet, DiskStateQueue).
Parsing file /Users/curt/me/twistedpear/specs/spec-authority/model/escrow.tla
Parsing file /private/var/folders/s9/h0bpzr1s1d3727q7z69mqrbr0000gn/T/Naturals.tla
Parsing file /private/var/folders/s9/h0bpzr1s1d3727q7z69mqrbr0000gn/T/FiniteSets.tla
Parsing file /private/var/folders/s9/h0bpzr1s1d3727q7z69mqrbr0000gn/T/TLC.tla
Parsing file /private/var/folders/s9/h0bpzr1s1d3727q7z69mqrbr0000gn/T/Sequences.tla
Semantic processing of module Naturals
Semantic processing of module Sequences
Semantic processing of module FiniteSets
Semantic processing of module TLC
Semantic processing of module escrow
Starting... (2026-08-18 13:01:25)
Implied-temporal checking--satisfiability problem has 1 branches.
Computing initial states...
Finished computing initial states: 1 distinct state generated at 2026-08-18 13:01:25.
Progress(4) at 2026-08-18 13:01:25: 10 states generated, 9 distinct states found, 0 states left on queue.
Checking temporal properties for the complete state space with 9 total distinct states at (2026-08-18 13:01:25)
Finished checking temporal properties in 00s at 2026-08-18 13:01:25
Model checking completed. No error has been found.
  Estimates of the probability that TLC did not check all reachable states
  because two distinct states had the same fingerprint:
  calculated (optimistic):  val = 4.9E-19
10 states generated, 9 distinct states found, 0 states left on queue.
The depth of the complete state graph search is 4.
The average outdegree of the complete state graph is 1 (minimum is 0, the maximum 4 and the 95th percentile is 4).
Finished in 00s at (2026-08-18 13:01:25)
TLC2 Version 2.19 of 08 August 2024 (rev: 5a47802)
Running breadth-first search Model-Checking with fp 6 and seed -3215025452937981472 with 1 worker on 8 cores with 3641MB heap and 64MB offheap memory [pid: 41518] (Mac OS X 26.5.2 aarch64, Microsoft 25.0.4 x86_64, MSBDiskFPSet, DiskStateQueue).
Parsing file /Users/curt/me/twistedpear/specs/spec-authority/model/recovery_quorum.tla
Parsing file /private/var/folders/s9/h0bpzr1s1d3727q7z69mqrbr0000gn/T/Naturals.tla
Parsing file /private/var/folders/s9/h0bpzr1s1d3727q7z69mqrbr0000gn/T/FiniteSets.tla
Parsing file /private/var/folders/s9/h0bpzr1s1d3727q7z69mqrbr0000gn/T/TLC.tla
Parsing file /private/var/folders/s9/h0bpzr1s1d3727q7z69mqrbr0000gn/T/Sequences.tla
Semantic processing of module Naturals
Semantic processing of module Sequences
Semantic processing of module FiniteSets
Semantic processing of module TLC
Semantic processing of module recovery_quorum
Starting... (2026-08-18 13:01:26)
Implied-temporal checking--satisfiability problem has 1 branches.
Computing initial states...
Finished computing initial states: 1 distinct state generated at 2026-08-18 13:01:26.
Progress(6) at 2026-08-18 13:01:26: 46 states generated, 29 distinct states found, 0 states left on queue.
Checking temporal properties for the complete state space with 29 total distinct states at (2026-08-18 13:01:26)
Finished checking temporal properties in 00s at 2026-08-18 13:01:26
Model checking completed. No error has been found.
  Estimates of the probability that TLC did not check all reachable states
  because two distinct states had the same fingerprint:
  calculated (optimistic):  val = 2.7E-17
46 states generated, 29 distinct states found, 0 states left on queue.
The depth of the complete state graph search is 6.
The average outdegree of the complete state graph is 1 (minimum is 0, the maximum 5 and the 95th percentile is 4).
Finished in 00s at (2026-08-18 13:01:26)
TLC2 Version 2.19 of 08 August 2024 (rev: 5a47802)
Running breadth-first search Model-Checking with fp 110 and seed 7579558656894128887 with 1 worker on 8 cores with 3641MB heap and 64MB offheap memory [pid: 41549] (Mac OS X 26.5.2 aarch64, Microsoft 25.0.4 x86_64, MSBDiskFPSet, DiskStateQueue).
Parsing file /Users/curt/me/twistedpear/specs/spec-cap/model/egress_offer.tla
Parsing file /private/var/folders/s9/h0bpzr1s1d3727q7z69mqrbr0000gn/T/Naturals.tla
Parsing file /private/var/folders/s9/h0bpzr1s1d3727q7z69mqrbr0000gn/T/Sequences.tla
Parsing file /private/var/folders/s9/h0bpzr1s1d3727q7z69mqrbr0000gn/T/TLC.tla
Parsing file /private/var/folders/s9/h0bpzr1s1d3727q7z69mqrbr0000gn/T/FiniteSets.tla
Semantic processing of module Naturals
Semantic processing of module Sequences
Semantic processing of module FiniteSets
Semantic processing of module TLC
Semantic processing of module egress_offer
Starting... (2026-08-18 13:01:26)
Implied-temporal checking--satisfiability problem has 1 branches.
Computing initial states...
Finished computing initial states: 1 distinct state generated at 2026-08-18 13:01:26.
Progress(3) at 2026-08-18 13:01:26: 7 states generated, 4 distinct states found, 0 states left on queue.
Checking temporal properties for the complete state space with 4 total distinct states at (2026-08-18 13:01:26)
Finished checking temporal properties in 00s at 2026-08-18 13:01:26
Model checking completed. No error has been found.
  Estimates of the probability that TLC did not check all reachable states
  because two distinct states had the same fingerprint:
  calculated (optimistic):  val = 6.5E-19
7 states generated, 4 distinct states found, 0 states left on queue.
The depth of the complete state graph search is 3.
The average outdegree of the complete state graph is 1 (minimum is 0, the maximum 2 and the 95th percentile is 2).
Finished in 00s at (2026-08-18 13:01:26)
formal: machine-conformance=ok, symbolic-inventory=ok, tlc=ok
